
ROM used:   34/8192 (0%)
            34/8192 (0%) including unused fragments

            0.0 Average locations per line
            17.0 Average locations per statement

RAM used:   6/368 (2%) at main() level
            6/368 (2%) worst case

Stack used: 0 worst case (0 in main + 0 for interrupts)
Stack size: 8

Lines Stmts  %   Files
----- ----- ---  -----
   22     2 100  main.c
  661     0   0  C:\Program Files (x86)\PICC\Devices\16F877A.h
----- -----
  683     2 Total

Page ROM  %  RAM   Vol Diff  Functions:
---- --- --- ---   --- ----  ----------
0     30  88    0    50  1.5  main
 Inline         0             @cinit1

Program metrics:
    Functions               1
    Statements              2
    Comments                121
    Volume (V)              52
    Difficulty (D)          1.3
    Effort to implement (E) 69
    Time to implement (T)   0 minutes
    Est Delivered Bugs (B)  0
    Cyclomatic Complexity   1
    Maintainability (MI)    90

 Segment     Used  Free
-----------  ----  ----
00000-00003     4  0  
00004-007FF    30  2014  
00800-00FFF     0  2048  
01000-017FF     0  2048  
01800-01FFF     0  2048  



