
ROM used:   942/8192 (11%)
            942/8192 (11%) including unused fragments

            0.8 Average locations per line
            7.2 Average locations per statement

RAM used:   14/368 (4%) at main() level
            29/368 (8%) worst case

Stack used: 5 worst case (5 in main + 0 for interrupts)
Stack size: 8

Lines Stmts  %   Files
----- ----- ---  -----
   75    31  24  main.c
  661     0   0  C:\Program Files (x86)\PICC\Devices\16F877A.h
  456   100  76  C:\Program Files (x86)\PICC\Drivers\lcd.c
----- -----
 1192   131 Total

Page ROM  %  RAM   Vol Diff  Functions:
---- --- --- ---   --- ----  ----------
0     21   2    1             @delay_ms1
0     69   7    3             @I2C_READ_1
0     74   8    1             @I2C_WRITE_1
0      8   1    0             @const631
 Inline         3   760  4.5  lcd_read_byte
0     49   5    2   262  3.7  lcd_read_nibble
0     43   5    1   399  2.4  lcd_send_nibble
0     92  10    3   415  3.7  lcd_send_byte
0     61   6    2   704  5.0  lcd_init
0     18   2    4   208  6.3  lcd_gotoxy
0     44   5    1   354  4.7  lcd_putc
0    276  29    8  1246  7.7  MAIN
0     37   4    2             @MUL88
0      7   1    0             @const672
0      7   1    0             @const674
0     21   2    3             @DIV88
0     87   9    6             @PRINTF_D0_650
0     24   3    2             @PSTRINGR_650
 Inline         0             @cinit1

Program metrics:
    Functions               8
    Statements              131
    Comments                220
    Volume (V)              6480
    Difficulty (D)          36.3
    Effort to implement (E) 234911
    Time to implement (T)   3 hours, 38 minutes
    Est Delivered Bugs (B)  1
    Cyclomatic Complexity   11
    Maintainability (MI)    139

 Segment     Used  Free
-----------  ----  ----
00000-00003     4  0  
00004-007FF   938  1106  
00800-00FFF     0  2048  
01000-017FF     0  2048  
01800-01FFF     0  2048  



