
ROM used:   694/8192 (8%)
            694/8192 (8%) including unused fragments

            0.6 Average locations per line
            5.2 Average locations per statement

RAM used:   16/368 (4%) at main() level
            33/368 (9%) worst case

Stack used: 7 worst case (6 in main + 1 for interrupts)
Stack size: 8

Lines Stmts  %   Files
----- ----- ---  -----
   74    33  25  main.c
  661     0   0  C:\Program Files (x86)\PICC\Devices\16F877A.h
  456   100  75  C:\Program Files (x86)\PICC\Drivers\lcd.c
----- -----
 1191   133 Total

Page ROM  %  RAM   Vol Diff  Functions:
---- --- --- ---   --- ----  ----------
0     21   3    1             @delay_ms1
0      8   1    0             @const626
 Inline         3   760  4.5  lcd_read_byte
0     49   7    2   262  3.7  lcd_read_nibble
0     43   6    1   399  2.4  lcd_send_nibble
0     92  13    3   415  3.7  lcd_send_byte
0     61   9    2   704  5.0  lcd_init
0     18   3    4   208  6.3  lcd_gotoxy
0     44   6    1   354  4.7  lcd_putc
0     56   8    1   378  4.7  TIMER1_isr
0    120  17    0    80  1.5  display_time
0     11   2    0             @const663
 Inline         5             @PSTRINGCN7_645
0     21   3    3             @DIV88
0     53   8    2             @PRINTF_U_645
0     48   7    0   195  2.3  MAIN
 Inline         0             @cinit1

Program metrics:
    Functions               10
    Statements              133
    Comments                212
    Volume (V)              5946
    Difficulty (D)          37.6
    Effort to implement (E) 223625
    Time to implement (T)   3 hours, 27 minutes
    Est Delivered Bugs (B)  1
    Cyclomatic Complexity   12
    Maintainability (MI)    133

 Segment     Used  Free
-----------  ----  ----
00000-00003     4  0  
00004-00030    45  0  
00031-007FF   645  1354  
00800-00FFF     0  2048  
01000-017FF     0  2048  
01800-01FFF     0  2048  



