
ROM used:   1520/8192 (19%)
            1520/8192 (19%) including unused fragments

            1.3 Average locations per line
            11.3 Average locations per statement

RAM used:   15/368 (4%) at main() level
            38/368 (10%) worst case

Stack used: 5 worst case (5 in main + 0 for interrupts)
Stack size: 8

Lines Stmts  %   Files
----- ----- ---  -----
   81    35  26  main.c
  661     0   0  C:\Program Files (x86)\PICC\Devices\16F877A.h
  456   100  74  C:\Program Files (x86)\PICC\Drivers\lcd.c
----- -----
 1198   135 Total

Page ROM  %  RAM   Vol Diff  Functions:
---- --- --- ---   --- ----  ----------
0     21   1    1             @delay_ms1
0      8   1    0             @const626
 Inline         3   760  4.5  lcd_read_byte
0     49   3    2   262  3.7  lcd_read_nibble
0     43   3    1   399  2.4  lcd_send_nibble
0     92   6    3   415  3.7  lcd_send_byte
0     61   4    2   704  5.0  lcd_init
0     18   1    4   208  6.3  lcd_gotoxy
0     44   3    1   354  4.7  lcd_putc
0    312  21   10  1179  5.8  MAIN
0     29   2    2             @ITOF
0    117   8   13             @MULFF
0    202  13   14             @DIVFF
0      8   1    0             @const671
0     84   6    5             @PSTRINGCN7_645
0     99   7    9             @PRINTF_LU_645
0      9   1    0             @const676
 Inline         5             @FTOSD
0     79   5   13             @DIV3232
0    224  15   13             @PRINTF_L32D_645FPFPF
0      8   1    0             @const686
0      9   1    0             @const687
 Inline         0             @cinit1

Program metrics:
    Functions               8
    Statements              135
    Comments                212
    Volume (V)              6403
    Difficulty (D)          33.9
    Effort to implement (E) 217376
    Time to implement (T)   3 hours, 21 minutes
    Est Delivered Bugs (B)  1
    Cyclomatic Complexity   9
    Maintainability (MI)    140

 Segment     Used  Free
-----------  ----  ----
00000-00003     4  0  
00004-007FF  1516  528  
00800-00FFF     0  2048  
01000-017FF     0  2048  
01800-01FFF     0  2048  



